Archive member included because of file (symbol)

/Users/davidfishman/Documents/slideshow/lib/libpebble.a(tmpE96Sgtpebble_os.o)
                              src/slideshow.c.1.o (app_event_loop)
/Users/davidfishman/pebble-dev/arm-cs-tools/bin/../lib/gcc/arm-none-eabi/4.6.3/../../../../arm-none-eabi/lib/thumb2/libc.a(lib_a-memset.o)
                              src/slideshow.c.1.o (memset)

Allocating common symbols
Common symbol       size              file

_alex               0x44              src/slideshow.c.1.o
_currentPicture     0x30              src/slideshow.c.1.o
_currentTime        0x38              src/slideshow.c.1.o
_leo                0x44              src/slideshow.c.1.o
_arlene             0x44              src/slideshow.c.1.o
_currentDate        0x38              src/slideshow.c.1.o
window              0x58              src/slideshow.c.1.o

Memory Configuration

Name             Origin             Length             Attributes
APP              0x0000000000000000 0x0000000000006000 xrw
*default*        0x0000000000000000 0xffffffffffffffff

Linker script and memory map

LOAD /Users/davidfishman/pebble-dev/arm-cs-tools/bin/../lib/gcc/arm-none-eabi/4.6.3/thumb2/crti.o
LOAD /Users/davidfishman/pebble-dev/arm-cs-tools/bin/../lib/gcc/arm-none-eabi/4.6.3/thumb2/crtbegin.o
LOAD src/slideshow.c.1.o
LOAD /Users/davidfishman/Documents/slideshow/lib/libpebble.a
START GROUP
LOAD /Users/davidfishman/pebble-dev/arm-cs-tools/bin/../lib/gcc/arm-none-eabi/4.6.3/thumb2/libgcc.a
LOAD /Users/davidfishman/pebble-dev/arm-cs-tools/bin/../lib/gcc/arm-none-eabi/4.6.3/../../../../arm-none-eabi/lib/thumb2/libc.a
END GROUP
LOAD /Users/davidfishman/pebble-dev/arm-cs-tools/bin/../lib/gcc/arm-none-eabi/4.6.3/thumb2/crtend.o
LOAD /Users/davidfishman/pebble-dev/arm-cs-tools/bin/../lib/gcc/arm-none-eabi/4.6.3/thumb2/crtn.o

.header         0x0000000000000000       0x7c
 *(.pbl_header)
 .pbl_header    0x0000000000000000       0x7c src/slideshow.c.1.o
                0x0000000000000000                __pbl_app_info

.text           0x000000000000007c      0xf8c
 *(.text)
 .text          0x000000000000007c        0x0 /Users/davidfishman/pebble-dev/arm-cs-tools/bin/../lib/gcc/arm-none-eabi/4.6.3/thumb2/crti.o
 .text          0x000000000000007c       0x68 /Users/davidfishman/pebble-dev/arm-cs-tools/bin/../lib/gcc/arm-none-eabi/4.6.3/thumb2/crtbegin.o
 .text          0x00000000000000e4      0x398 src/slideshow.c.1.o
                0x00000000000000e4                setupTextLayer
                0x0000000000000168                handle_init
                0x000000000000029c                handle_minute_tick
                0x0000000000000424                pbl_main
 .text          0x000000000000047c      0xb8c /Users/davidfishman/Documents/slideshow/lib/libpebble.a(tmpE96Sgtpebble_os.o)
                0x000000000000047c                animation_init
                0x0000000000000488                animation_set_delay
                0x0000000000000494                animation_set_duration
                0x00000000000004a0                animation_set_curve
                0x00000000000004ac                animation_set_handlers
                0x00000000000004b8                animation_set_implementation
                0x00000000000004c4                animation_get_context
                0x00000000000004d0                animation_schedule
                0x00000000000004dc                animation_unschedule
                0x00000000000004e8                animation_unschedule_all
                0x00000000000004f4                animation_is_scheduled
                0x0000000000000500                app_timer_send_event
                0x000000000000050c                app_timer_cancel_event
                0x0000000000000518                app_event_loop
                0x0000000000000524                bmp_init_container
                0x0000000000000530                bmp_deinit_container
                0x000000000000053c                cos_lookup
                0x0000000000000548                fonts_get_system_font
                0x0000000000000554                fonts_load_custom_font
                0x0000000000000560                fonts_unload_custom_font
                0x000000000000056c                graphics_context_set_stroke_color
                0x0000000000000578                graphics_context_set_fill_color
                0x0000000000000584                graphics_context_set_text_color
                0x0000000000000590                graphics_context_set_compositing_mode
                0x000000000000059c                graphics_draw_pixel
                0x00000000000005a8                graphics_draw_line
                0x00000000000005b4                graphics_fill_rect
                0x00000000000005c0                graphics_draw_circle
                0x00000000000005cc                graphics_fill_circle
                0x00000000000005d8                graphics_draw_round_rect
                0x00000000000005e4                get_time
                0x00000000000005f0                gpath_init
                0x00000000000005fc                gpath_move_to
                0x0000000000000608                gpath_rotate_to
                0x0000000000000614                gpath_draw_outline
                0x0000000000000620                gpath_draw_filled
                0x000000000000062c                grect_center_point
                0x0000000000000638                layer_mark_dirty
                0x0000000000000644                layer_remove_from_parent
                0x0000000000000650                layer_add_child
                0x000000000000065c                layer_get_frame
                0x0000000000000668                layer_set_frame
                0x0000000000000674                layer_set_hidden
                0x0000000000000680                layer_init
                0x000000000000068c                light_enable
                0x0000000000000698                light_enable_interaction
                0x00000000000006a4                psleep
                0x00000000000006b0                resource_init_current_app
                0x00000000000006bc                resource_get_handle
                0x00000000000006c8                resource_load
                0x00000000000006d4                resource_load_byte_range
                0x00000000000006e0                resource_size
                0x00000000000006ec                rotbmp_deinit_container
                0x00000000000006f8                rotbmp_init_container
                0x0000000000000704                rotbmp_pair_deinit_container
                0x0000000000000710                rotbmp_pair_init_container
                0x000000000000071c                rotbmp_pair_layer_set_src_ic
                0x0000000000000728                rotbmp_pair_layer_set_angle
                0x0000000000000734                window_init
                0x0000000000000740                window_stack_push
                0x000000000000074c                window_set_click_config_provider
                0x0000000000000758                window_set_background_color
                0x0000000000000764                window_render
                0x0000000000000770                window_set_fullscreen
                0x000000000000077c                sin_lookup
                0x0000000000000788                string_format_time
                0x0000000000000794                text_layer_init
                0x00000000000007a0                text_layer_get_text
                0x00000000000007ac                text_layer_set_text
                0x00000000000007b8                text_layer_set_font
                0x00000000000007c4                text_layer_set_text_color
                0x00000000000007d0                text_layer_set_background_color
                0x00000000000007dc                vibes_double_pulse
                0x00000000000007e8                vibes_enqueue_custom_pattern
                0x00000000000007f4                vibes_long_pulse
                0x0000000000000800                vibes_short_pulse
                0x000000000000080c                app_get_current_graphics_context
                0x0000000000000818                clock_is_24h_style
                0x0000000000000824                property_animation_init_layer_frame
                0x0000000000000830                text_layer_set_text_alignment
                0x000000000000083c                graphics_draw_bitmap_in_rect
                0x0000000000000848                graphics_text_draw
                0x0000000000000854                layer_set_bounds
                0x0000000000000860                layer_get_bounds
                0x000000000000086c                layer_set_update_proc
                0x0000000000000878                layer_get_window
                0x0000000000000884                layer_remove_child_layers
                0x0000000000000890                layer_insert_below_sibling
                0x000000000000089c                layer_insert_above_sibling
                0x00000000000008a8                layer_get_hidden
                0x00000000000008b4                layer_set_clips
                0x00000000000008c0                layer_get_clips
                0x00000000000008cc                text_layer_get_max_used_size
                0x00000000000008d8                text_layer_set_size
                0x00000000000008e4                text_layer_set_overflow_mode
                0x00000000000008f0                graphics_text_layout_get_max_used_size
                0x00000000000008fc                inverter_layer_init
                0x0000000000000908                bitmap_layer_init
                0x0000000000000914                bitmap_layer_set_bitmap
                0x0000000000000920                bitmap_layer_set_alignment
                0x000000000000092c                bitmap_layer_set_background_color
                0x0000000000000938                bitmap_layer_set_compositing_mode
                0x0000000000000944                heap_bitmap_init
                0x0000000000000950                heap_bitmap_deinit
                0x000000000000095c                click_recognizer_get_button_id
                0x0000000000000968                click_number_of_clicks_counted
                0x0000000000000974                menu_cell_basic_draw
                0x0000000000000980                menu_cell_title_draw
                0x000000000000098c                menu_cell_basic_header_draw
                0x0000000000000998                menu_layer_init
                0x00000000000009a4                menu_layer_get_layer
                0x00000000000009b0                menu_layer_set_callbacks
                0x00000000000009bc                menu_layer_set_click_config_onto_window
                0x00000000000009c8                menu_layer_set_selected_next
                0x00000000000009d4                menu_layer_set_selected_index
                0x00000000000009e0                menu_layer_reload_data
                0x00000000000009ec                menu_index_compare
                0x00000000000009f8                scroll_layer_init
                0x0000000000000a04                scroll_layer_add_child
                0x0000000000000a10                scroll_layer_set_click_config_onto_window
                0x0000000000000a1c                scroll_layer_set_callbacks
                0x0000000000000a28                scroll_layer_set_context
                0x0000000000000a34                scroll_layer_set_content_offset
                0x0000000000000a40                scroll_layer_get_content_offset
                0x0000000000000a4c                scroll_layer_set_content_size
                0x0000000000000a58                scroll_layer_get_content_size
                0x0000000000000a64                scroll_layer_set_frame
                0x0000000000000a70                scroll_layer_scroll_up_click_handler
                0x0000000000000a7c                scroll_layer_scroll_down_click_handler
                0x0000000000000a88                simple_menu_layer_init
                0x0000000000000a94                simple_menu_layer_get_layer
                0x0000000000000aa0                simple_menu_layer_get_selected_index
                0x0000000000000aac                simple_menu_layer_set_selected_index
                0x0000000000000ab8                window_deinit
                0x0000000000000ac4                window_set_click_config_provider_with_context
                0x0000000000000ad0                window_get_click_config_provider
                0x0000000000000adc                window_set_window_handlers
                0x0000000000000ae8                window_get_root_layer
                0x0000000000000af4                window_get_fullscreen
                0x0000000000000b00                window_set_status_bar_icon
                0x0000000000000b0c                window_is_loaded
                0x0000000000000b18                window_stack_pop
                0x0000000000000b24                window_stack_pop_all
                0x0000000000000b30                window_stack_contains_window
                0x0000000000000b38                window_stack_get_top_window
                0x0000000000000b40                window_stack_remove
                0x0000000000000b48                property_animation_init
                0x0000000000000b50                property_animation_update_int16
                0x0000000000000b58                property_animation_update_gpoint
                0x0000000000000b60                property_animation_update_grect
                0x0000000000000b68                app_message_register_callbacks
                0x0000000000000b70                app_message_deregister_callbacks
                0x0000000000000b78                app_message_out_get
                0x0000000000000b80                app_message_out_send
                0x0000000000000b88                app_message_out_release
                0x0000000000000b90                app_sync_init
                0x0000000000000b98                app_sync_deinit
                0x0000000000000ba0                app_sync_set
                0x0000000000000ba8                app_sync_get
                0x0000000000000bb0                dict_calc_buffer_size
                0x0000000000000bb8                dict_write_begin
                0x0000000000000bc0                dict_write_data
                0x0000000000000bc8                dict_write_cstring
                0x0000000000000bd0                dict_write_int
                0x0000000000000bd8                dict_write_uint8
                0x0000000000000be0                dict_write_uint16
                0x0000000000000be8                dict_write_uint32
                0x0000000000000bf0                dict_write_int8
                0x0000000000000bf8                dict_write_int16
                0x0000000000000c00                dict_write_int32
                0x0000000000000c08                dict_write_end
                0x0000000000000c10                dict_read_begin_from_buffer
                0x0000000000000c18                dict_read_next
                0x0000000000000c20                dict_read_first
                0x0000000000000c28                dict_serialize_tuplets
                0x0000000000000c30                dict_serialize_tuplets_to_buffer
                0x0000000000000c38                dict_serialize_tuplets_to_buffer_with_iter
                0x0000000000000c40                dict_write_tuplet
                0x0000000000000c48                dict_calc_buffer_size_from_tuplets
                0x0000000000000c50                dict_merge
                0x0000000000000c58                dict_find
                0x0000000000000c60                action_bar_layer_init
                0x0000000000000c68                action_bar_layer_set_context
                0x0000000000000c70                action_bar_layer_set_click_config_provider
                0x0000000000000c78                action_bar_layer_set_icon
                0x0000000000000c80                action_bar_layer_clear_icon
                0x0000000000000c88                action_bar_layer_add_to_window
                0x0000000000000c90                action_bar_layer_remove_from_window
                0x0000000000000c98                action_bar_layer_set_background_color
                0x0000000000000ca0                number_window_init
                0x0000000000000ca8                number_window_set_label
                0x0000000000000cb0                number_window_set_max
                0x0000000000000cb8                number_window_set_min
                0x0000000000000cc0                number_window_set_value
                0x0000000000000cc8                number_window_set_step_size
                0x0000000000000cd0                number_window_get_value
                0x0000000000000cd8                clock_copy_time_string
 .text          0x0000000000001008        0x0 /Users/davidfishman/pebble-dev/arm-cs-tools/bin/../lib/gcc/arm-none-eabi/4.6.3/../../../../arm-none-eabi/lib/thumb2/libc.a(lib_a-memset.o)
 .text          0x0000000000001008        0x0 /Users/davidfishman/pebble-dev/arm-cs-tools/bin/../lib/gcc/arm-none-eabi/4.6.3/thumb2/crtend.o
 .text          0x0000000000001008        0x0 /Users/davidfishman/pebble-dev/arm-cs-tools/bin/../lib/gcc/arm-none-eabi/4.6.3/thumb2/crtn.o

.glue_7         0x0000000000001008        0x0
 .glue_7        0x0000000000000000        0x0 linker stubs

.glue_7t        0x0000000000001008        0x0
 .glue_7t       0x0000000000000000        0x0 linker stubs

.vfp11_veneer   0x0000000000001008        0x0
 .vfp11_veneer  0x0000000000000000        0x0 linker stubs

.v4_bx          0x0000000000001008        0x0
 .v4_bx         0x0000000000000000        0x0 linker stubs

.init           0x0000000000001008        0xc
 .init          0x0000000000001008        0x4 /Users/davidfishman/pebble-dev/arm-cs-tools/bin/../lib/gcc/arm-none-eabi/4.6.3/thumb2/crti.o
                0x0000000000001008                _init
 .init          0x000000000000100c        0x8 /Users/davidfishman/pebble-dev/arm-cs-tools/bin/../lib/gcc/arm-none-eabi/4.6.3/thumb2/crtn.o

.fini           0x0000000000001014        0xc
 .fini          0x0000000000001014        0x4 /Users/davidfishman/pebble-dev/arm-cs-tools/bin/../lib/gcc/arm-none-eabi/4.6.3/thumb2/crti.o
                0x0000000000001014                _fini
 .fini          0x0000000000001018        0x8 /Users/davidfishman/pebble-dev/arm-cs-tools/bin/../lib/gcc/arm-none-eabi/4.6.3/thumb2/crtn.o

.iplt           0x0000000000001020        0x0
 .iplt          0x0000000000000000        0x0 /Users/davidfishman/pebble-dev/arm-cs-tools/bin/../lib/gcc/arm-none-eabi/4.6.3/thumb2/crti.o

.text.memset    0x0000000000001020       0x10
 .text.memset   0x0000000000001020       0x10 /Users/davidfishman/pebble-dev/arm-cs-tools/bin/../lib/gcc/arm-none-eabi/4.6.3/../../../../arm-none-eabi/lib/thumb2/libc.a(lib_a-memset.o)
                0x0000000000001020                memset

.data           0x0000000000001030       0x24
 *(.data)
 .data          0x0000000000001030        0x0 /Users/davidfishman/pebble-dev/arm-cs-tools/bin/../lib/gcc/arm-none-eabi/4.6.3/thumb2/crti.o
 .data          0x0000000000001030        0x4 /Users/davidfishman/pebble-dev/arm-cs-tools/bin/../lib/gcc/arm-none-eabi/4.6.3/thumb2/crtbegin.o
                0x0000000000001030                __dso_handle
 .data          0x0000000000001034       0x20 src/slideshow.c.1.o
 .data          0x0000000000001054        0x0 /Users/davidfishman/Documents/slideshow/lib/libpebble.a(tmpE96Sgtpebble_os.o)
 .data          0x0000000000001054        0x0 /Users/davidfishman/pebble-dev/arm-cs-tools/bin/../lib/gcc/arm-none-eabi/4.6.3/../../../../arm-none-eabi/lib/thumb2/libc.a(lib_a-memset.o)
 .data          0x0000000000001054        0x0 /Users/davidfishman/pebble-dev/arm-cs-tools/bin/../lib/gcc/arm-none-eabi/4.6.3/thumb2/crtend.o
 .data          0x0000000000001054        0x0 /Users/davidfishman/pebble-dev/arm-cs-tools/bin/../lib/gcc/arm-none-eabi/4.6.3/thumb2/crtn.o

.igot.plt       0x0000000000001054        0x0
 .igot.plt      0x0000000000000000        0x0 /Users/davidfishman/pebble-dev/arm-cs-tools/bin/../lib/gcc/arm-none-eabi/4.6.3/thumb2/crti.o

.got            0x0000000000001054       0x1c
 .got           0x0000000000001054       0x1c /Users/davidfishman/pebble-dev/arm-cs-tools/bin/../lib/gcc/arm-none-eabi/4.6.3/thumb2/crti.o

.got.plt        0x0000000000001070        0xc
 .got.plt       0x0000000000001070        0xc /Users/davidfishman/pebble-dev/arm-cs-tools/bin/../lib/gcc/arm-none-eabi/4.6.3/thumb2/crti.o
                0x0000000000001070                _GLOBAL_OFFSET_TABLE_

.init_array     0x000000000000107c        0x4
 .init_array    0x000000000000107c        0x4 /Users/davidfishman/pebble-dev/arm-cs-tools/bin/../lib/gcc/arm-none-eabi/4.6.3/thumb2/crtbegin.o

.fini_array     0x0000000000001080        0x4
 .fini_array    0x0000000000001080        0x4 /Users/davidfishman/pebble-dev/arm-cs-tools/bin/../lib/gcc/arm-none-eabi/4.6.3/thumb2/crtbegin.o

.jcr            0x0000000000001084        0x4
 .jcr           0x0000000000001084        0x0 /Users/davidfishman/pebble-dev/arm-cs-tools/bin/../lib/gcc/arm-none-eabi/4.6.3/thumb2/crtbegin.o
 .jcr           0x0000000000001084        0x4 /Users/davidfishman/pebble-dev/arm-cs-tools/bin/../lib/gcc/arm-none-eabi/4.6.3/thumb2/crtend.o

.bss            0x0000000000001088      0x1e0
 *(.bss)
 .bss           0x0000000000001088        0x0 /Users/davidfishman/pebble-dev/arm-cs-tools/bin/../lib/gcc/arm-none-eabi/4.6.3/thumb2/crti.o
 .bss           0x0000000000001088       0x1c /Users/davidfishman/pebble-dev/arm-cs-tools/bin/../lib/gcc/arm-none-eabi/4.6.3/thumb2/crtbegin.o
 .bss           0x00000000000010a4        0x0 src/slideshow.c.1.o
 .bss           0x00000000000010a4        0x0 /Users/davidfishman/Documents/slideshow/lib/libpebble.a(tmpE96Sgtpebble_os.o)
 .bss           0x00000000000010a4        0x0 /Users/davidfishman/pebble-dev/arm-cs-tools/bin/../lib/gcc/arm-none-eabi/4.6.3/../../../../arm-none-eabi/lib/thumb2/libc.a(lib_a-memset.o)
 .bss           0x00000000000010a4        0x0 /Users/davidfishman/pebble-dev/arm-cs-tools/bin/../lib/gcc/arm-none-eabi/4.6.3/thumb2/crtend.o
 .bss           0x00000000000010a4        0x0 /Users/davidfishman/pebble-dev/arm-cs-tools/bin/../lib/gcc/arm-none-eabi/4.6.3/thumb2/crtn.o
 COMMON         0x00000000000010a4      0x1c4 src/slideshow.c.1.o
                0x00000000000010a4                _alex
                0x00000000000010e8                _currentPicture
                0x0000000000001118                _currentTime
                0x0000000000001150                _leo
                0x0000000000001194                _arlene
                0x00000000000011d8                _currentDate
                0x0000000000001210                window

DISCARD         0x0000000000001268        0x4
 libc.a(*)
 libm.a(*)
 libgcc.a(*)
 *(.eh_frame)
 .eh_frame      0x0000000000001268        0x0 /Users/davidfishman/pebble-dev/arm-cs-tools/bin/../lib/gcc/arm-none-eabi/4.6.3/thumb2/crtbegin.o
 .eh_frame      0x0000000000001268        0x4 /Users/davidfishman/pebble-dev/arm-cs-tools/bin/../lib/gcc/arm-none-eabi/4.6.3/thumb2/crtend.o
OUTPUT(/Users/davidfishman/Documents/slideshow/build/pebble-app.elf elf32-littlearm)

.rodata         0x000000000000126c       0x5c
 .rodata        0x000000000000126c       0x5c src/slideshow.c.1.o

.rel.dyn        0x00000000000012c8        0x0
 .rel.iplt      0x0000000000000000        0x0 /Users/davidfishman/pebble-dev/arm-cs-tools/bin/../lib/gcc/arm-none-eabi/4.6.3/thumb2/crti.o
 .rel.got       0x0000000000000000        0x0 /Users/davidfishman/pebble-dev/arm-cs-tools/bin/../lib/gcc/arm-none-eabi/4.6.3/thumb2/crti.o

.ARM.attributes
                0x0000000000000000       0x27
 .ARM.attributes
                0x0000000000000000       0x1b /Users/davidfishman/pebble-dev/arm-cs-tools/bin/../lib/gcc/arm-none-eabi/4.6.3/thumb2/crti.o
 .ARM.attributes
                0x000000000000001b       0x2b /Users/davidfishman/pebble-dev/arm-cs-tools/bin/../lib/gcc/arm-none-eabi/4.6.3/thumb2/crtbegin.o
 .ARM.attributes
                0x0000000000000046       0x33 src/slideshow.c.1.o
 .ARM.attributes
                0x0000000000000079       0x21 /Users/davidfishman/Documents/slideshow/lib/libpebble.a(tmpE96Sgtpebble_os.o)
 .ARM.attributes
                0x000000000000009a       0x2b /Users/davidfishman/pebble-dev/arm-cs-tools/bin/../lib/gcc/arm-none-eabi/4.6.3/../../../../arm-none-eabi/lib/thumb2/libc.a(lib_a-memset.o)
 .ARM.attributes
                0x00000000000000c5       0x2b /Users/davidfishman/pebble-dev/arm-cs-tools/bin/../lib/gcc/arm-none-eabi/4.6.3/thumb2/crtend.o
 .ARM.attributes
                0x00000000000000f0       0x1b /Users/davidfishman/pebble-dev/arm-cs-tools/bin/../lib/gcc/arm-none-eabi/4.6.3/thumb2/crtn.o

.comment        0x0000000000000000       0x4e
 .comment       0x0000000000000000       0x4e /Users/davidfishman/pebble-dev/arm-cs-tools/bin/../lib/gcc/arm-none-eabi/4.6.3/thumb2/crtbegin.o
                                         0x4f (size before relaxing)
 .comment       0x0000000000000000       0x4f src/slideshow.c.1.o
 .comment       0x0000000000000000       0x4f /Users/davidfishman/pebble-dev/arm-cs-tools/bin/../lib/gcc/arm-none-eabi/4.6.3/../../../../arm-none-eabi/lib/thumb2/libc.a(lib_a-memset.o)
 .comment       0x0000000000000000       0x4f /Users/davidfishman/pebble-dev/arm-cs-tools/bin/../lib/gcc/arm-none-eabi/4.6.3/thumb2/crtend.o

.debug_line     0x0000000000000000      0x2a0
 .debug_line    0x0000000000000000       0x71 /Users/davidfishman/pebble-dev/arm-cs-tools/bin/../lib/gcc/arm-none-eabi/4.6.3/thumb2/crti.o
 .debug_line    0x0000000000000071      0x1ba src/slideshow.c.1.o
 .debug_line    0x000000000000022b       0x75 /Users/davidfishman/pebble-dev/arm-cs-tools/bin/../lib/gcc/arm-none-eabi/4.6.3/thumb2/crtn.o

.debug_info     0x0000000000000000     0x163a
 .debug_info    0x0000000000000000       0xb2 /Users/davidfishman/pebble-dev/arm-cs-tools/bin/../lib/gcc/arm-none-eabi/4.6.3/thumb2/crti.o
 .debug_info    0x00000000000000b2     0x14d6 src/slideshow.c.1.o
 .debug_info    0x0000000000001588       0xb2 /Users/davidfishman/pebble-dev/arm-cs-tools/bin/../lib/gcc/arm-none-eabi/4.6.3/thumb2/crtn.o

.debug_abbrev   0x0000000000000000      0x219
 .debug_abbrev  0x0000000000000000       0x12 /Users/davidfishman/pebble-dev/arm-cs-tools/bin/../lib/gcc/arm-none-eabi/4.6.3/thumb2/crti.o
 .debug_abbrev  0x0000000000000012      0x1f5 src/slideshow.c.1.o
 .debug_abbrev  0x0000000000000207       0x12 /Users/davidfishman/pebble-dev/arm-cs-tools/bin/../lib/gcc/arm-none-eabi/4.6.3/thumb2/crtn.o

.debug_aranges  0x0000000000000000       0x70
 .debug_aranges
                0x0000000000000000       0x28 /Users/davidfishman/pebble-dev/arm-cs-tools/bin/../lib/gcc/arm-none-eabi/4.6.3/thumb2/crti.o
 .debug_aranges
                0x0000000000000028       0x20 src/slideshow.c.1.o
 .debug_aranges
                0x0000000000000048       0x28 /Users/davidfishman/pebble-dev/arm-cs-tools/bin/../lib/gcc/arm-none-eabi/4.6.3/thumb2/crtn.o

.debug_ranges   0x0000000000000000       0x40
 .debug_ranges  0x0000000000000000       0x20 /Users/davidfishman/pebble-dev/arm-cs-tools/bin/../lib/gcc/arm-none-eabi/4.6.3/thumb2/crti.o
 .debug_ranges  0x0000000000000020       0x20 /Users/davidfishman/pebble-dev/arm-cs-tools/bin/../lib/gcc/arm-none-eabi/4.6.3/thumb2/crtn.o

.debug_loc      0x0000000000000000      0x11a
 .debug_loc     0x0000000000000000      0x11a src/slideshow.c.1.o

.debug_str      0x0000000000000000      0xde3
 .debug_str     0x0000000000000000      0xde3 src/slideshow.c.1.o
                                        0xec2 (size before relaxing)

.debug_frame    0x0000000000000000       0xb0
 .debug_frame   0x0000000000000000       0xb0 src/slideshow.c.1.o
